// Jest Snapshot v1, https://goo.gl/fbAQLP

exports[`<Header /> render correctly 1`] = `
<Provider
  store={
    Object {
      "clearActions": [Function],
      "dispatch": [Function],
      "getActions": [Function],
      "getState": [Function],
      "replaceReducer": [Function],
      "subscribe": [Function],
    }
  }
>
  <Connect(Header)>
    <Header
      search={[Function]}
      title="Schedule"
    >
      <div
        className="container"
      >
        <WithStyles(ForwardRef(AppBar))
          position="static"
        >
          <ForwardRef(AppBar)
            classes={
              Object {
                "colorDefault": "MuiAppBar-colorDefault",
                "colorInherit": "MuiAppBar-colorInherit",
                "colorPrimary": "MuiAppBar-colorPrimary",
                "colorSecondary": "MuiAppBar-colorSecondary",
                "colorTransparent": "MuiAppBar-colorTransparent",
                "positionAbsolute": "MuiAppBar-positionAbsolute",
                "positionFixed": "MuiAppBar-positionFixed",
                "positionRelative": "MuiAppBar-positionRelative",
                "positionStatic": "MuiAppBar-positionStatic",
                "positionSticky": "MuiAppBar-positionSticky",
                "root": "MuiAppBar-root",
              }
            }
            position="static"
          >
            <WithStyles(ForwardRef(Paper))
              className="MuiAppBar-root MuiAppBar-positionStatic MuiAppBar-colorPrimary"
              component="header"
              elevation={4}
              square={true}
            >
              <ForwardRef(Paper)
                className="MuiAppBar-root MuiAppBar-positionStatic MuiAppBar-colorPrimary"
                classes={
                  Object {
                    "elevation0": "MuiPaper-elevation0",
                    "elevation1": "MuiPaper-elevation1",
                    "elevation10": "MuiPaper-elevation10",
                    "elevation11": "MuiPaper-elevation11",
                    "elevation12": "MuiPaper-elevation12",
                    "elevation13": "MuiPaper-elevation13",
                    "elevation14": "MuiPaper-elevation14",
                    "elevation15": "MuiPaper-elevation15",
                    "elevation16": "MuiPaper-elevation16",
                    "elevation17": "MuiPaper-elevation17",
                    "elevation18": "MuiPaper-elevation18",
                    "elevation19": "MuiPaper-elevation19",
                    "elevation2": "MuiPaper-elevation2",
                    "elevation20": "MuiPaper-elevation20",
                    "elevation21": "MuiPaper-elevation21",
                    "elevation22": "MuiPaper-elevation22",
                    "elevation23": "MuiPaper-elevation23",
                    "elevation24": "MuiPaper-elevation24",
                    "elevation3": "MuiPaper-elevation3",
                    "elevation4": "MuiPaper-elevation4",
                    "elevation5": "MuiPaper-elevation5",
                    "elevation6": "MuiPaper-elevation6",
                    "elevation7": "MuiPaper-elevation7",
                    "elevation8": "MuiPaper-elevation8",
                    "elevation9": "MuiPaper-elevation9",
                    "outlined": "MuiPaper-outlined",
                    "root": "MuiPaper-root",
                    "rounded": "MuiPaper-rounded",
                  }
                }
                component="header"
                elevation={4}
                square={true}
              >
                <header
                  className="MuiPaper-root MuiAppBar-root MuiAppBar-positionStatic MuiAppBar-colorPrimary MuiPaper-elevation4"
                >
                  <WithStyles(ForwardRef(Toolbar))
                    className="bar"
                  >
                    <ForwardRef(Toolbar)
                      className="bar"
                      classes={
                        Object {
                          "dense": "MuiToolbar-dense",
                          "gutters": "MuiToolbar-gutters",
                          "regular": "MuiToolbar-regular",
                          "root": "MuiToolbar-root",
                        }
                      }
                    >
                      <div
                        className="MuiToolbar-root MuiToolbar-regular bar MuiToolbar-gutters"
                      >
                        <WithStyles(ForwardRef(Typography))
                          variant="h6"
                        >
                          <ForwardRef(Typography)
                            classes={
                              Object {
                                "alignCenter": "MuiTypography-alignCenter",
                                "alignJustify": "MuiTypography-alignJustify",
                                "alignLeft": "MuiTypography-alignLeft",
                                "alignRight": "MuiTypography-alignRight",
                                "body1": "MuiTypography-body1",
                                "body2": "MuiTypography-body2",
                                "button": "MuiTypography-button",
                                "caption": "MuiTypography-caption",
                                "colorError": "MuiTypography-colorError",
                                "colorInherit": "MuiTypography-colorInherit",
                                "colorPrimary": "MuiTypography-colorPrimary",
                                "colorSecondary": "MuiTypography-colorSecondary",
                                "colorTextPrimary": "MuiTypography-colorTextPrimary",
                                "colorTextSecondary": "MuiTypography-colorTextSecondary",
                                "displayBlock": "MuiTypography-displayBlock",
                                "displayInline": "MuiTypography-displayInline",
                                "gutterBottom": "MuiTypography-gutterBottom",
                                "h1": "MuiTypography-h1",
                                "h2": "MuiTypography-h2",
                                "h3": "MuiTypography-h3",
                                "h4": "MuiTypography-h4",
                                "h5": "MuiTypography-h5",
                                "h6": "MuiTypography-h6",
                                "noWrap": "MuiTypography-noWrap",
                                "overline": "MuiTypography-overline",
                                "paragraph": "MuiTypography-paragraph",
                                "root": "MuiTypography-root",
                                "srOnly": "MuiTypography-srOnly",
                                "subtitle1": "MuiTypography-subtitle1",
                                "subtitle2": "MuiTypography-subtitle2",
                              }
                            }
                            variant="h6"
                          >
                            <h6
                              className="MuiTypography-root MuiTypography-h6"
                            >
                              Schedule
                            </h6>
                          </ForwardRef(Typography)>
                        </WithStyles(ForwardRef(Typography))>
                        <div
                          className="search"
                        >
                          <WithStyles(ForwardRef(InputBase))
                            classes={
                              Object {
                                "input": "inputInput",
                                "root": "inputRoot",
                              }
                            }
                            inputProps={
                              Object {
                                "aria-label": "search",
                              }
                            }
                            onChange={[Function]}
                            placeholder="Search…"
                          >
                            <ForwardRef(InputBase)
                              classes={
                                Object {
                                  "adornedEnd": "MuiInputBase-adornedEnd",
                                  "adornedStart": "MuiInputBase-adornedStart",
                                  "colorSecondary": "MuiInputBase-colorSecondary",
                                  "disabled": "Mui-disabled",
                                  "error": "Mui-error",
                                  "focused": "Mui-focused",
                                  "formControl": "MuiInputBase-formControl",
                                  "fullWidth": "MuiInputBase-fullWidth",
                                  "input": "MuiInputBase-input inputInput",
                                  "inputAdornedEnd": "MuiInputBase-inputAdornedEnd",
                                  "inputAdornedStart": "MuiInputBase-inputAdornedStart",
                                  "inputHiddenLabel": "MuiInputBase-inputHiddenLabel",
                                  "inputMarginDense": "MuiInputBase-inputMarginDense",
                                  "inputMultiline": "MuiInputBase-inputMultiline",
                                  "inputTypeSearch": "MuiInputBase-inputTypeSearch",
                                  "marginDense": "MuiInputBase-marginDense",
                                  "multiline": "MuiInputBase-multiline",
                                  "root": "MuiInputBase-root inputRoot",
                                }
                              }
                              inputProps={
                                Object {
                                  "aria-label": "search",
                                }
                              }
                              onChange={[Function]}
                              placeholder="Search…"
                            >
                              <div
                                className="MuiInputBase-root inputRoot"
                                onClick={[Function]}
                              >
                                <input
                                  aria-label="search"
                                  className="MuiInputBase-input inputInput"
                                  onAnimationStart={[Function]}
                                  onBlur={[Function]}
                                  onChange={[Function]}
                                  onFocus={[Function]}
                                  placeholder="Search…"
                                  type="text"
                                />
                              </div>
                            </ForwardRef(InputBase)>
                          </WithStyles(ForwardRef(InputBase))>
                        </div>
                        <ForwardRef(MenuIcon)>
                          <WithStyles(ForwardRef(SvgIcon))>
                            <ForwardRef(SvgIcon)
                              classes={
                                Object {
                                  "colorAction": "MuiSvgIcon-colorAction",
                                  "colorDisabled": "MuiSvgIcon-colorDisabled",
                                  "colorError": "MuiSvgIcon-colorError",
                                  "colorPrimary": "MuiSvgIcon-colorPrimary",
                                  "colorSecondary": "MuiSvgIcon-colorSecondary",
                                  "fontSizeInherit": "MuiSvgIcon-fontSizeInherit",
                                  "fontSizeLarge": "MuiSvgIcon-fontSizeLarge",
                                  "fontSizeSmall": "MuiSvgIcon-fontSizeSmall",
                                  "root": "MuiSvgIcon-root",
                                }
                              }
                            >
                              <svg
                                aria-hidden={true}
                                className="MuiSvgIcon-root"
                                focusable="false"
                                viewBox="0 0 24 24"
                              >
                                <path
                                  d="M3 18h18v-2H3v2zm0-5h18v-2H3v2zm0-7v2h18V6H3z"
                                />
                              </svg>
                            </ForwardRef(SvgIcon)>
                          </WithStyles(ForwardRef(SvgIcon))>
                        </ForwardRef(MenuIcon)>
                      </div>
                    </ForwardRef(Toolbar)>
                  </WithStyles(ForwardRef(Toolbar))>
                </header>
              </ForwardRef(Paper)>
            </WithStyles(ForwardRef(Paper))>
          </ForwardRef(AppBar)>
        </WithStyles(ForwardRef(AppBar))>
      </div>
    </Header>
  </Connect(Header)>
</Provider>
`;
