// Jest Snapshot v1, https://goo.gl/fbAQLP

exports[`<Time /> render correctly 1`] = `
<div>
  <WithStyles(ForwardRef(Typography))
    className="label"
    gutterBottom={true}
    variant="overline"
  >
    Start
  </WithStyles(ForwardRef(Typography))>
  <div>
    <WithStyles(ForwardRef(Chip))
      label="April 28 2021"
      size="small"
    />
  </div>
</div>
`;
